[0m17:56:46.285559 [debug] [MainThread]: Sending event: {'category': 'dbt', 'action': 'invocation', 'label': 'start', 'context': [<snowplow_tracker.self_describing_json.SelfDescribingJson object at 0x76172b059250>, <snowplow_tracker.self_describing_json.SelfDescribingJson object at 0x76172abd9c70>, <snowplow_tracker.self_describing_json.SelfDescribingJson object at 0x76172b059dc0>]}


============================== 17:56:46.288153 | e77e98f6-475f-4503-814d-597756b7cf8f ==============================
[0m17:56:46.288153 [info ] [MainThread]: Running with dbt=1.12.2
[0m17:56:46.288595 [debug] [MainThread]: running dbt with arguments {'empty': 'None', 'hints_enabled': 'True', 'partial_parse': 'True', 'warn_error': 'None', 'printer_width': '80', 'quiet': 'False', 'fail_fast': 'False', 'warn_error_options': 'WarnErrorOptionsV2(error=[], warn=[], silence=[])', 'log_format': 'default', 'introspect': 'True', 'target_path': 'None', 'maximum_seed_size_mib': '1', 'indirect_selection': 'eager', 'log_cache_events': 'False', 'no_print': 'None', 'version_check': 'True', 'cache_selected_only': 'False', 'write_json': 'True', 'log_path': 'logs', 'invocation_command': 'dbt init mini_shop', 'use_experimental_parser': 'False', 'debug': 'False', 'static_parser': 'True', 'profiles_dir': '/home/mike/.dbt', 'send_anonymous_usage_stats': 'True', 'use_colors': 'True'}
[0m17:56:46.296501 [debug] [MainThread]: Starter project path: /home/mike/.venvs/dbt/lib/python3.12/site-packages/dbt/include/starter_project
[0m17:56:46.298766 [info ] [MainThread]: Setting up your profile.
[0m18:07:09.271657 [info ] [MainThread]: Profile mini_shop written to /home/mike/.dbt/profiles.yml using target's profile_template.yml and your supplied values.
[0m18:07:09.272750 [info ] [MainThread]: Running dbt debug to validate the project...
[0m18:07:09.273175 [info ] [MainThread]: dbt version: 1.12.2
[0m18:07:09.273444 [info ] [MainThread]: python version: 3.12.3
[0m18:07:09.273713 [info ] [MainThread]: python path: /home/mike/.venvs/dbt/bin/python
[0m18:07:09.273966 [info ] [MainThread]: os info: Linux-7.0.0-28-generic-x86_64-with-glibc2.39
[0m18:07:09.295926 [info ] [MainThread]: Using profiles dir at /home/mike/.dbt
[0m18:07:09.296485 [info ] [MainThread]: Using profiles.yml file at /home/mike/.dbt/profiles.yml
[0m18:07:09.296838 [info ] [MainThread]: Using dbt_project.yml file at /home/mike/Documents/Data engineering learning/E-commerce-Analytics/mini_shop/dbt_project.yml
[0m18:07:09.297292 [info ] [MainThread]: adapter type: postgres
[0m18:07:09.297606 [info ] [MainThread]: adapter version: 1.11.0
[0m18:07:09.394971 [info ] [MainThread]: Configuration:
[0m18:07:09.395381 [info ] [MainThread]:   profiles.yml file [[32mOK found and valid[0m]
[0m18:07:09.395691 [info ] [MainThread]:   dbt_project.yml file [[32mOK found and valid[0m]
[0m18:07:09.395983 [info ] [MainThread]: Required dependencies:
[0m18:07:09.396289 [debug] [MainThread]: Executing "git --help"
[0m18:07:09.397991 [debug] [MainThread]: STDOUT: "b"usage: git [-v | --version] [-h | --help] [-C <path>] [-c <name>=<value>]\n           [--exec-path[=<path>]] [--html-path] [--man-path] [--info-path]\n           [-p | --paginate | -P | --no-pager] [--no-replace-objects] [--no-lazy-fetch]\n           [--no-optional-locks] [--no-advice] [--bare] [--git-dir=<path>]\n           [--work-tree=<path>] [--namespace=<name>] [--config-env=<name>=<envvar>]\n           <command> [<args>]\n\nThese are common Git commands used in various situations:\n\nstart a working area (see also: git help tutorial)\n   clone      Clone a repository into a new directory\n   init       Create an empty Git repository or reinitialise an existing one\n\nwork on the current change (see also: git help everyday)\n   add        Add file contents to the index\n   mv         Move or rename a file, a directory, or a symlink\n   restore    Restore working tree files\n   rm         Remove files from the working tree and from the index\n\nexamine the history and state (see also: git help revisions)\n   bisect     Use binary search to find the commit that introduced a bug\n   diff       Show changes between commits, commit and working tree, etc\n   grep       Print lines matching a pattern\n   log        Show commit logs\n   show       Show various types of objects\n   status     Show the working tree status\n\ngrow, mark and tweak your common history\n   backfill   Download missing objects in a partial clone\n   branch     List, create, or delete branches\n   commit     Record changes to the repository\n   history    EXPERIMENTAL: Rewrite history\n   merge      Join two or more development histories together\n   rebase     Reapply commits on top of another base tip\n   reset      Set `HEAD` or the index to a known state\n   switch     Switch branches\n   tag        Create, list, delete or verify tags\n\ncollaborate (see also: git help workflows)\n   fetch      Download objects and refs from another repository\n   pull       Fetch from and integrate with another repository or a local branch\n   push       Update remote refs along with associated objects\n\n'git help -a' and 'git help -g' list available subcommands and some\nconcept guides. See 'git help <command>' or 'git help <concept>'\nto read about a specific subcommand or concept.\nSee 'git help git' for an overview of the system.\n""
[0m18:07:09.398334 [debug] [MainThread]: STDERR: "b''"
[0m18:07:09.398599 [info ] [MainThread]:  - git [[32mOK found[0m]

[0m18:07:09.398863 [info ] [MainThread]: Connection:
[0m18:07:09.399129 [info ] [MainThread]:   host: localhost
[0m18:07:09.399376 [info ] [MainThread]:   port: 5432
[0m18:07:09.399635 [info ] [MainThread]:   user: postgres
[0m18:07:09.399879 [info ] [MainThread]:   database: mini_shop
[0m18:07:09.400121 [info ] [MainThread]:   schema: mini_shop
[0m18:07:09.400356 [info ] [MainThread]:   connect_timeout: 10
[0m18:07:09.400603 [info ] [MainThread]:   role: None
[0m18:07:09.400863 [info ] [MainThread]:   search_path: None
[0m18:07:09.401106 [info ] [MainThread]:   keepalives_idle: 0
[0m18:07:09.401340 [info ] [MainThread]:   sslmode: None
[0m18:07:09.401586 [info ] [MainThread]:   sslcert: None
[0m18:07:09.401824 [info ] [MainThread]:   sslkey: None
[0m18:07:09.402057 [info ] [MainThread]:   sslrootcert: None
[0m18:07:09.402293 [info ] [MainThread]:   application_name: dbt
[0m18:07:09.402534 [info ] [MainThread]:   autocommit: False
[0m18:07:09.402772 [info ] [MainThread]:   retries: 1
[0m18:07:09.403121 [info ] [MainThread]: Registered adapter: postgres=1.11.0
[0m18:07:09.474233 [debug] [MainThread]: Acquiring new postgres connection 'debug'
[0m18:07:09.491950 [debug] [MainThread]: Using postgres connection "debug"
[0m18:07:09.492259 [debug] [MainThread]: On debug: select 1 as id
[0m18:07:09.492527 [debug] [MainThread]: Opening a new connection, currently in state init
[0m18:07:09.501300 [debug] [MainThread]: Postgres adapter: Got a retryable error when attempting to open a postgres connection.
1 attempts remaining. Retrying in 0 seconds.
Error:
connection to server at "localhost" (127.0.0.1), port 5432 failed: FATAL:  database "mini_shop" does not exist

[0m18:07:09.508224 [debug] [MainThread]: Postgres adapter: Error running SQL: select 1 as id
[0m18:07:09.508546 [debug] [MainThread]: Postgres adapter: Rolling back transaction.
[0m18:07:09.508839 [debug] [MainThread]: On debug: No close available on handle
[0m18:07:09.509250 [info ] [MainThread]:   Connection test: [[31mERROR[0m]

[0m18:07:09.509570 [info ] [MainThread]: [31m1 check failed:[0m
[0m18:07:09.509850 [info ] [MainThread]: dbt was unable to connect to the specified database.
The database returned the following error:

  >Database Error
  connection to server at "localhost" (127.0.0.1), port 5432 failed: FATAL:  database "mini_shop" does not exist
  

Check your database credentials and try again. For more information, visit:
https://docs.getdbt.com/docs/configure-your-profile


[0m18:07:09.510182 [info ] [MainThread]: Your new dbt project "mini_shop" was created!
Initialized new project in /home/mike/Documents/Data engineering learning/E-commerce-Analytics/mini_shop/mini_shop

For more information on how to configure the profiles.yml file,
please consult the dbt documentation here:

  https://docs.getdbt.com/docs/configure-your-profile

One more thing:

Need help? Don't hesitate to reach out to us via GitHub issues or on Slack:

  https://community.getdbt.com/

Happy modeling!

[0m18:07:09.510485 [info ] [MainThread]: [31mYour profile may need adjustments. You can find the logs of `dbt debug` above[0m
[0m18:07:09.511268 [debug] [MainThread]: Resource report: {"command_name": "init", "command_success": true, "command_wall_clock_time": 623.29395, "process_in_blocks": "56", "process_kernel_time": 0.167941, "process_mem_max_rss": "128696", "process_out_blocks": "96", "process_user_time": 1.393514}
[0m18:07:09.511675 [debug] [MainThread]: Command `dbt init` succeeded at 18:07:09.511591 after 623.29 seconds
[0m18:07:09.511985 [debug] [MainThread]: Connection 'debug' was properly closed.
[0m18:07:09.512362 [debug] [MainThread]: Sending event: {'category': 'dbt', 'action': 'invocation', 'label': 'end', 'context': [<snowplow_tracker.self_describing_json.SelfDescribingJson object at 0x76172a78ee70>, <snowplow_tracker.self_describing_json.SelfDescribingJson object at 0x76172a875580>, <snowplow_tracker.self_describing_json.SelfDescribingJson object at 0x761729c52b40>]}
[0m18:07:09.512811 [debug] [MainThread]: Flushing usage events
[0m18:07:09.911124 [debug] [MainThread]: An error was encountered while trying to flush usage events
[0m18:07:31.270601 [debug] [MainThread]: Sending event: {'category': 'dbt', 'action': 'invocation', 'label': 'start', 'context': [<snowplow_tracker.self_describing_json.SelfDescribingJson object at 0x78688771d6d0>, <snowplow_tracker.self_describing_json.SelfDescribingJson object at 0x786887c79a30>, <snowplow_tracker.self_describing_json.SelfDescribingJson object at 0x7868878ec410>]}


============================== 18:07:31.273144 | 80a44dc0-94fc-4f66-b2ea-2eacffab900c ==============================
[0m18:07:31.273144 [info ] [MainThread]: Running with dbt=1.12.2
[0m18:07:31.273597 [debug] [MainThread]: running dbt with arguments {'target_path': 'None', 'use_colors': 'True', 'log_cache_events': 'False', 'log_format': 'default', 'partial_parse': 'True', 'maximum_seed_size_mib': '1', 'introspect': 'True', 'hints_enabled': 'True', 'cache_selected_only': 'False', 'warn_error_options': 'WarnErrorOptionsV2(error=[], warn=[], silence=[])', 'version_check': 'True', 'debug': 'False', 'empty': 'None', 'send_anonymous_usage_stats': 'True', 'warn_error': 'None', 'indirect_selection': 'eager', 'use_experimental_parser': 'False', 'printer_width': '80', 'invocation_command': 'dbt debug', 'write_json': 'True', 'quiet': 'False', 'static_parser': 'True', 'fail_fast': 'False', 'profiles_dir': '/home/mike/.dbt', 'no_print': 'None', 'log_path': 'logs'}
[0m18:07:31.282373 [info ] [MainThread]: dbt version: 1.12.2
[0m18:07:31.282744 [info ] [MainThread]: python version: 3.12.3
[0m18:07:31.283022 [info ] [MainThread]: python path: /home/mike/.venvs/dbt/bin/python
[0m18:07:31.283282 [info ] [MainThread]: os info: Linux-7.0.0-28-generic-x86_64-with-glibc2.39
[0m18:07:31.324551 [info ] [MainThread]: Using profiles dir at /home/mike/.dbt
[0m18:07:31.325087 [info ] [MainThread]: Using profiles.yml file at /home/mike/.dbt/profiles.yml
[0m18:07:31.325513 [info ] [MainThread]: Using dbt_project.yml file at /home/mike/Documents/Data engineering learning/E-commerce-Analytics/dbt_project.yml
[0m18:07:31.326154 [info ] [MainThread]: adapter type: postgres
[0m18:07:31.326543 [info ] [MainThread]: adapter version: 1.11.0
[0m18:07:31.326946 [info ] [MainThread]: Configuration:
[0m18:07:31.327304 [info ] [MainThread]:   profiles.yml file [[32mOK found and valid[0m]
[0m18:07:31.327582 [info ] [MainThread]:   dbt_project.yml file [[31mERROR not found[0m]
[0m18:07:31.327874 [info ] [MainThread]: Required dependencies:
[0m18:07:31.328157 [debug] [MainThread]: Executing "git --help"
[0m18:07:31.329928 [debug] [MainThread]: STDOUT: "b"usage: git [-v | --version] [-h | --help] [-C <path>] [-c <name>=<value>]\n           [--exec-path[=<path>]] [--html-path] [--man-path] [--info-path]\n           [-p | --paginate | -P | --no-pager] [--no-replace-objects] [--no-lazy-fetch]\n           [--no-optional-locks] [--no-advice] [--bare] [--git-dir=<path>]\n           [--work-tree=<path>] [--namespace=<name>] [--config-env=<name>=<envvar>]\n           <command> [<args>]\n\nThese are common Git commands used in various situations:\n\nstart a working area (see also: git help tutorial)\n   clone      Clone a repository into a new directory\n   init       Create an empty Git repository or reinitialise an existing one\n\nwork on the current change (see also: git help everyday)\n   add        Add file contents to the index\n   mv         Move or rename a file, a directory, or a symlink\n   restore    Restore working tree files\n   rm         Remove files from the working tree and from the index\n\nexamine the history and state (see also: git help revisions)\n   bisect     Use binary search to find the commit that introduced a bug\n   diff       Show changes between commits, commit and working tree, etc\n   grep       Print lines matching a pattern\n   log        Show commit logs\n   show       Show various types of objects\n   status     Show the working tree status\n\ngrow, mark and tweak your common history\n   backfill   Download missing objects in a partial clone\n   branch     List, create, or delete branches\n   commit     Record changes to the repository\n   history    EXPERIMENTAL: Rewrite history\n   merge      Join two or more development histories together\n   rebase     Reapply commits on top of another base tip\n   reset      Set `HEAD` or the index to a known state\n   switch     Switch branches\n   tag        Create, list, delete or verify tags\n\ncollaborate (see also: git help workflows)\n   fetch      Download objects and refs from another repository\n   pull       Fetch from and integrate with another repository or a local branch\n   push       Update remote refs along with associated objects\n\n'git help -a' and 'git help -g' list available subcommands and some\nconcept guides. See 'git help <command>' or 'git help <concept>'\nto read about a specific subcommand or concept.\nSee 'git help git' for an overview of the system.\n""
[0m18:07:31.330333 [debug] [MainThread]: STDERR: "b''"
[0m18:07:31.330656 [info ] [MainThread]:  - git [[32mOK found[0m]

[0m18:07:31.331043 [info ] [MainThread]: Connection:
[0m18:07:31.331311 [info ] [MainThread]:   host: localhost
[0m18:07:31.331608 [info ] [MainThread]:   port: 5432
[0m18:07:31.331894 [info ] [MainThread]:   user: postgres
[0m18:07:31.332150 [info ] [MainThread]:   database: mini_shop
[0m18:07:31.332393 [info ] [MainThread]:   schema: mini_shop
[0m18:07:31.332646 [info ] [MainThread]:   connect_timeout: 10
[0m18:07:31.332887 [info ] [MainThread]:   role: None
[0m18:07:31.333123 [info ] [MainThread]:   search_path: None
[0m18:07:31.333359 [info ] [MainThread]:   keepalives_idle: 0
[0m18:07:31.333603 [info ] [MainThread]:   sslmode: None
[0m18:07:31.333835 [info ] [MainThread]:   sslcert: None
[0m18:07:31.334069 [info ] [MainThread]:   sslkey: None
[0m18:07:31.334300 [info ] [MainThread]:   sslrootcert: None
[0m18:07:31.334563 [info ] [MainThread]:   application_name: dbt
[0m18:07:31.334800 [info ] [MainThread]:   autocommit: False
[0m18:07:31.335032 [info ] [MainThread]:   retries: 1
[0m18:07:31.335367 [info ] [MainThread]: Registered adapter: postgres=1.11.0
[0m18:07:31.401974 [debug] [MainThread]: Acquiring new postgres connection 'debug'
[0m18:07:31.421217 [debug] [MainThread]: Using postgres connection "debug"
[0m18:07:31.421567 [debug] [MainThread]: On debug: select 1 as id
[0m18:07:31.421829 [debug] [MainThread]: Opening a new connection, currently in state init
[0m18:07:31.430420 [debug] [MainThread]: Postgres adapter: Got a retryable error when attempting to open a postgres connection.
1 attempts remaining. Retrying in 0 seconds.
Error:
connection to server at "localhost" (127.0.0.1), port 5432 failed: FATAL:  database "mini_shop" does not exist

[0m18:07:31.436851 [debug] [MainThread]: Postgres adapter: Error running SQL: select 1 as id
[0m18:07:31.437198 [debug] [MainThread]: Postgres adapter: Rolling back transaction.
[0m18:07:31.437514 [debug] [MainThread]: On debug: No close available on handle
[0m18:07:31.437794 [info ] [MainThread]:   Connection test: [[31mERROR[0m]

[0m18:07:31.438111 [info ] [MainThread]: [31m2 checks failed:[0m
[0m18:07:31.438367 [info ] [MainThread]: Project loading failed for the following reason:
 project path </home/mike/Documents/Data engineering learning/E-commerce-Analytics/dbt_project.yml> not found

[0m18:07:31.438737 [info ] [MainThread]: dbt was unable to connect to the specified database.
The database returned the following error:

  >Database Error
  connection to server at "localhost" (127.0.0.1), port 5432 failed: FATAL:  database "mini_shop" does not exist
  

Check your database credentials and try again. For more information, visit:
https://docs.getdbt.com/docs/configure-your-profile


[0m18:07:31.439523 [debug] [MainThread]: Resource report: {"command_name": "debug", "command_success": false, "command_wall_clock_time": 0.23433556, "process_in_blocks": "0", "process_kernel_time": 0.17502, "process_mem_max_rss": "126756", "process_out_blocks": "16", "process_user_time": 1.273146}
[0m18:07:31.439905 [debug] [MainThread]: Command `dbt debug` failed at 18:07:31.439827 after 0.23 seconds
[0m18:07:31.440179 [debug] [MainThread]: Connection 'debug' was properly closed.
[0m18:07:31.440457 [debug] [MainThread]: Sending event: {'category': 'dbt', 'action': 'invocation', 'label': 'end', 'context': [<snowplow_tracker.self_describing_json.SelfDescribingJson object at 0x78688b5b3980>, <snowplow_tracker.self_describing_json.SelfDescribingJson object at 0x786885544cb0>, <snowplow_tracker.self_describing_json.SelfDescribingJson object at 0x786887d9fd10>]}
[0m18:07:31.440801 [debug] [MainThread]: Flushing usage events
[0m18:07:31.802939 [debug] [MainThread]: An error was encountered while trying to flush usage events
[0m12:34:28.108600 [debug] [MainThread]: Sending event: {'category': 'dbt', 'action': 'invocation', 'label': 'start', 'context': [<snowplow_tracker.self_describing_json.SelfDescribingJson object at 0x78521acb3f80>, <snowplow_tracker.self_describing_json.SelfDescribingJson object at 0x78521b4ef3e0>, <snowplow_tracker.self_describing_json.SelfDescribingJson object at 0x78521b4ec380>]}


============================== 12:34:28.111761 | 43240230-4205-4fee-8595-f17221389a74 ==============================
[0m12:34:28.111761 [info ] [MainThread]: Running with dbt=1.12.2
[0m12:34:28.112331 [debug] [MainThread]: running dbt with arguments {'introspect': 'True', 'warn_error': 'None', 'cache_selected_only': 'False', 'empty': 'False', 'target_path': 'None', 'quiet': 'False', 'debug': 'False', 'log_cache_events': 'False', 'invocation_command': 'dbt run -select stg_customers', 'no_print': 'None', 'version_check': 'True', 'profiles_dir': '/home/mike/.dbt', 'warn_error_options': 'WarnErrorOptionsV2(error=[], warn=[], silence=[])', 'log_format': 'default', 'partial_parse': 'True', 'printer_width': '80', 'maximum_seed_size_mib': '1', 'use_experimental_parser': 'False', 'indirect_selection': 'eager', 'fail_fast': 'False', 'use_colors': 'True', 'static_parser': 'True', 'write_json': 'True', 'hints_enabled': 'True', 'log_path': 'logs', 'send_anonymous_usage_stats': 'True'}
[0m12:34:28.112792 [error] [MainThread]: [[31mERROR[0m]: Encountered an error:
Runtime Error
  No dbt_project.yml found at expected path /home/mike/Documents/Data engineering learning/E-commerce-Analytics/dbt_project.yml
  Verify that each entry within packages.yml (and their transitive dependencies) contains a file named dbt_project.yml
  
[0m12:34:28.113528 [debug] [MainThread]: Resource report: {"command_name": "run", "command_success": false, "command_wall_clock_time": 0.07002722, "process_in_blocks": "54824", "process_kernel_time": 0.161636, "process_mem_max_rss": "109316", "process_out_blocks": "8", "process_user_time": 1.213284}
[0m12:34:28.113911 [debug] [MainThread]: Command `dbt run` failed at 12:34:28.113834 after 0.07 seconds
[0m12:34:28.114221 [debug] [MainThread]: Sending event: {'category': 'dbt', 'action': 'invocation', 'label': 'end', 'context': [<snowplow_tracker.self_describing_json.SelfDescribingJson object at 0x78521ebb7a40>, <snowplow_tracker.self_describing_json.SelfDescribingJson object at 0x78521a30d760>, <snowplow_tracker.self_describing_json.SelfDescribingJson object at 0x78521acb0740>]}
[0m12:34:28.114540 [debug] [MainThread]: Flushing usage events
[0m12:34:28.474906 [debug] [MainThread]: An error was encountered while trying to flush usage events
[0m15:26:47.863865 [debug] [MainThread]: Sending event: {'category': 'dbt', 'action': 'invocation', 'label': 'start', 'context': [<snowplow_tracker.self_describing_json.SelfDescribingJson object at 0x73ac7557d1c0>, <snowplow_tracker.self_describing_json.SelfDescribingJson object at 0x73ac7557fe30>, <snowplow_tracker.self_describing_json.SelfDescribingJson object at 0x73ac768cdc70>]}


============================== 15:26:47.867065 | a74ed178-1206-43a8-b814-db0bff91441a ==============================
[0m15:26:47.867065 [info ] [MainThread]: Running with dbt=1.12.2
[0m15:26:47.867513 [debug] [MainThread]: running dbt with arguments {'partial_parse': 'True', 'warn_error_options': 'WarnErrorOptionsV2(error=[], warn=[], silence=[])', 'debug': 'False', 'send_anonymous_usage_stats': 'True', 'indirect_selection': 'eager', 'printer_width': '80', 'hints_enabled': 'True', 'fail_fast': 'False', 'cache_selected_only': 'False', 'write_json': 'True', 'target_path': 'None', 'use_experimental_parser': 'False', 'warn_error': 'None', 'maximum_seed_size_mib': '1', 'static_parser': 'True', 'version_check': 'True', 'introspect': 'True', 'no_print': 'None', 'quiet': 'False', 'profiles_dir': '/home/mike/.dbt', 'log_cache_events': 'False', 'invocation_command': 'dbt run --select fct_orders', 'log_path': 'logs', 'log_format': 'default', 'empty': 'False', 'use_colors': 'True'}
[0m15:26:47.867961 [error] [MainThread]: [[31mERROR[0m]: Encountered an error:
Runtime Error
  No dbt_project.yml found at expected path /home/mike/Documents/Data engineering learning/E-commerce-Analytics/dbt_project.yml
  Verify that each entry within packages.yml (and their transitive dependencies) contains a file named dbt_project.yml
  
[0m15:26:47.868644 [debug] [MainThread]: Resource report: {"command_name": "run", "command_success": false, "command_wall_clock_time": 0.0707453, "process_in_blocks": "54560", "process_kernel_time": 0.164486, "process_mem_max_rss": "109244", "process_out_blocks": "8", "process_user_time": 1.230072}
[0m15:26:47.869034 [debug] [MainThread]: Command `dbt run` failed at 15:26:47.868956 after 0.07 seconds
[0m15:26:47.869332 [debug] [MainThread]: Sending event: {'category': 'dbt', 'action': 'invocation', 'label': 'end', 'context': [<snowplow_tracker.self_describing_json.SelfDescribingJson object at 0x73ac74eb3710>, <snowplow_tracker.self_describing_json.SelfDescribingJson object at 0x73ac7557fe30>, <snowplow_tracker.self_describing_json.SelfDescribingJson object at 0x73ac795c39e0>]}
[0m15:26:47.869648 [debug] [MainThread]: Flushing usage events
[0m15:26:48.242833 [debug] [MainThread]: An error was encountered while trying to flush usage events
[0m15:27:06.884343 [debug] [MainThread]: Sending event: {'category': 'dbt', 'action': 'invocation', 'label': 'start', 'context': [<snowplow_tracker.self_describing_json.SelfDescribingJson object at 0x70909eb18440>, <snowplow_tracker.self_describing_json.SelfDescribingJson object at 0x70909f76f620>, <snowplow_tracker.self_describing_json.SelfDescribingJson object at 0x70909f56f740>]}


============================== 15:27:06.886567 | b7ffd1a4-dd84-492e-8963-045753815b84 ==============================
[0m15:27:06.886567 [info ] [MainThread]: Running with dbt=1.12.2
[0m15:27:06.887020 [debug] [MainThread]: running dbt with arguments {'cache_selected_only': 'False', 'log_cache_events': 'False', 'introspect': 'True', 'target_path': 'None', 'write_json': 'True', 'profiles_dir': '/home/mike/.dbt', 'static_parser': 'True', 'send_anonymous_usage_stats': 'True', 'log_path': 'logs', 'warn_error': 'None', 'version_check': 'True', 'printer_width': '80', 'invocation_command': 'dbt run --select fct_orders', 'quiet': 'False', 'fail_fast': 'False', 'debug': 'False', 'no_print': 'None', 'empty': 'False', 'warn_error_options': 'WarnErrorOptionsV2(error=[], warn=[], silence=[])', 'partial_parse': 'True', 'use_colors': 'True', 'maximum_seed_size_mib': '1', 'use_experimental_parser': 'False', 'hints_enabled': 'True', 'indirect_selection': 'eager', 'log_format': 'default'}
[0m15:27:06.887444 [error] [MainThread]: [[31mERROR[0m]: Encountered an error:
Runtime Error
  No dbt_project.yml found at expected path /home/mike/Documents/Data engineering learning/E-commerce-Analytics/dbt_project.yml
  Verify that each entry within packages.yml (and their transitive dependencies) contains a file named dbt_project.yml
  
[0m15:27:06.888122 [debug] [MainThread]: Resource report: {"command_name": "run", "command_success": false, "command_wall_clock_time": 0.070099525, "process_in_blocks": "0", "process_kernel_time": 0.144116, "process_mem_max_rss": "109444", "process_out_blocks": "8", "process_user_time": 1.207979}
[0m15:27:06.888501 [debug] [MainThread]: Command `dbt run` failed at 15:27:06.888423 after 0.07 seconds
[0m15:27:06.888799 [debug] [MainThread]: Sending event: {'category': 'dbt', 'action': 'invocation', 'label': 'end', 'context': [<snowplow_tracker.self_describing_json.SelfDescribingJson object at 0x70909ea03b00>, <snowplow_tracker.self_describing_json.SelfDescribingJson object at 0x70909fc9c9b0>, <snowplow_tracker.self_describing_json.SelfDescribingJson object at 0x70909fc812e0>]}
[0m15:27:06.889101 [debug] [MainThread]: Flushing usage events
[0m15:27:07.253517 [debug] [MainThread]: An error was encountered while trying to flush usage events
[0m16:00:42.168064 [debug] [MainThread]: Sending event: {'category': 'dbt', 'action': 'invocation', 'label': 'start', 'context': [<snowplow_tracker.self_describing_json.SelfDescribingJson object at 0x770e8e42a3f0>, <snowplow_tracker.self_describing_json.SelfDescribingJson object at 0x770e8f91bf80>, <snowplow_tracker.self_describing_json.SelfDescribingJson object at 0x770e8f200da0>]}


============================== 16:00:42.172537 | b329b699-b809-4625-8cb7-8bf4626e254c ==============================
[0m16:00:42.172537 [info ] [MainThread]: Running with dbt=1.12.2
[0m16:00:42.172978 [debug] [MainThread]: running dbt with arguments {'use_colors': 'True', 'partial_parse': 'True', 'no_print': 'None', 'log_cache_events': 'False', 'warn_error_options': 'WarnErrorOptionsV2(error=[], warn=[], silence=[])', 'use_experimental_parser': 'False', 'static_parser': 'True', 'version_check': 'True', 'hints_enabled': 'True', 'empty': 'False', 'debug': 'False', 'indirect_selection': 'eager', 'send_anonymous_usage_stats': 'True', 'invocation_command': 'dbt run --select fct_orders', 'fail_fast': 'False', 'maximum_seed_size_mib': '1', 'write_json': 'True', 'log_format': 'default', 'profiles_dir': '/home/mike/.dbt', 'target_path': 'None', 'printer_width': '80', 'cache_selected_only': 'False', 'warn_error': 'None', 'introspect': 'True', 'log_path': 'logs', 'quiet': 'False'}
[0m16:00:42.173422 [error] [MainThread]: [[31mERROR[0m]: Encountered an error:
Runtime Error
  No dbt_project.yml found at expected path /home/mike/Documents/Data engineering learning/E-commerce-Analytics/dbt_project.yml
  Verify that each entry within packages.yml (and their transitive dependencies) contains a file named dbt_project.yml
  
[0m16:00:42.174091 [debug] [MainThread]: Resource report: {"command_name": "run", "command_success": false, "command_wall_clock_time": 0.06974072, "process_in_blocks": "54824", "process_kernel_time": 0.146999, "process_mem_max_rss": "109244", "process_out_blocks": "8", "process_user_time": 1.186993}
[0m16:00:42.174544 [debug] [MainThread]: Command `dbt run` failed at 16:00:42.174461 after 0.07 seconds
[0m16:00:42.174844 [debug] [MainThread]: Sending event: {'category': 'dbt', 'action': 'invocation', 'label': 'end', 'context': [<snowplow_tracker.self_describing_json.SelfDescribingJson object at 0x770e8e42a3f0>, <snowplow_tracker.self_describing_json.SelfDescribingJson object at 0x770e8ec64cb0>, <snowplow_tracker.self_describing_json.SelfDescribingJson object at 0x770e8e096420>]}
[0m16:00:42.175166 [debug] [MainThread]: Flushing usage events
[0m16:00:42.556776 [debug] [MainThread]: An error was encountered while trying to flush usage events
